2025-10-29-14:09:04 alarm_manager.py 64 DEBUG VIM node reports insufficient resources for pod scheduling
2025-10-29-14:09:55 policy_enforcer.py 150 WARN Persisting incident data to assurance DB | root_cause=OOM_kill; suggested_action=increase CPU/memory limits
2025-10-29-14:11:34 alarm_manager.java 56 INFO ALARM: latency exceeded 40ms SLA limit
2025-10-29-14:12:12 policy_enforcer.py 258 INFO Resource allocation requested from VIM cluster
2025-10-29-14:15:15 resource_manager.py 351 INFO Service discovery via Consul completed
2025-10-29-14:16:49 metrics_collector.py 162 INFO Persisting incident data to assurance DB
2025-10-29-14:19:16 policy_enforcer.py 131 ERROR metrics collected: latency=25ms throughput=210Mbps packet_loss=0.02% | root_cause=network_jitter; suggested_action=analyze VIM node utilization
2025-10-29-14:19:50 policy_enforcer.py 162 INFO Persisting incident data to assurance DB
2025-10-29-14:21:13 config_loader.py 472 INFO ALARM: latency exceeded 40ms SLA limit
2025-10-29-14:25:41 policy_enforcer.py 400 ERROR Data ingestion lag beyond 30s threshold | root_cause=timeout_exceeded; suggested_action=inspect network path
Traceback (most recent call last):
  File "/app/policy_enforcer.py", line 83, in enforce_policy
    response = requests.get(url, timeout=30)
  File "/app/policy_enforcer.py", line 293, in enforce_policy
    response = requests.get(url, timeout=30)
  File "/app/policy_enforcer.py", line 330, in enforce_policy
    response = requests.get(url, timeout=30)
  File "/app/policy_enforcer.py", line 229, in execute_action
    response = requests.get(url, timeout=30)
  File "/app/core/service_executor.py", line 81, in execute
    return handler.process(request)
TimeoutError: Operation timed out after 30 seconds
2025-10-29-14:25:53 alarm_manager.py 51 DEBUG Archived log and metric snapshots
2025-10-29-14:29:41 alarm_manager.py 342 ERROR Activation timeout detected in VNFM client | root_cause=timeout_exceeded; suggested_action=inspect network path
Traceback (most recent call last):
  File "/app/alarm_manager.py", line 111, in process_alarm
    response = requests.get(url, timeout=30)
  File "/app/alarm_manager.py", line 96, in evaluate_threshold
    response = requests.get(url, timeout=30)
  File "/app/core/service_executor.py", line 96, in execute
    return handler.process(request)
TimeoutError: Operation timed out after 30 seconds
2025-10-29-14:33:08 resource_manager.py 313 DEBUG Resource allocation requested from VIM cluster
2025-10-29-14:35:05 policy_enforcer.py 331 ERROR Persisting incident data to assurance DB | root_cause=node_unavailable; suggested_action=validate VNFM health
Traceback (most recent call last):
  File "/app/policy_enforcer.py", line 234, in evaluate_rules
    node_status = vim_client.get_node_status()
  File "/app/policy_enforcer.py", line 325, in execute_action
    node_status = vim_client.get_node_status()
  File "/app/core/service_executor.py", line 101, in execute
    return handler.process(request)
ConnectionRefusedError: Unable to connect to VIM node
2025-10-29-14:39:47 main.py 168 WARN VNF/CNF registration completed successfully | root_cause=resource_exhaustion; suggested_action=restart failed component
2025-10-29-14:41:45 config_loader.py 217 INFO Audit event generated for incident closure
2025-10-29-14:42:36 config_loader.py 437 WARN VNF/CNF registration completed successfully | root_cause=resource_exhaustion; suggested_action=restart failed component
2025-10-29-14:46:59 remediation_engine.py 129 INFO ALARM: latency exceeded 40ms SLA limit
2025-10-29-14:51:00 policy_enforcer.py 220 ERROR ALARM: latency exceeded 40ms SLA limit | root_cause=network_jitter; suggested_action=analyze VIM node utilization
2025-10-29-14:55:42 policy_enforcer.py 170 DEBUG ALARM: CPU utilization sustained >90%
2025-10-29-14:59:32 main.py 226 INFO Deployment delay due to image pull rate limit
2025-10-29-15:04:32 alarm_manager.py 397 INFO ALARM: latency exceeded 40ms SLA limit
2025-10-29-15:06:14 report_generator.py 457 INFO metrics collected: latency=25ms throughput=210Mbps packet_loss=0.02%
2025-10-29-15:09:00 report_generator.py 121 ERROR ALARM: latency exceeded 40ms SLA limit | root_cause=network_jitter; suggested_action=analyze VIM node utilization
2025-10-29-15:13:52 metrics_collector.py 469 INFO VNFM connectivity established successfully
2025-10-29-15:16:35 remediation_engine.py 179 DEBUG VIM node reports insufficient resources for pod scheduling
2025-10-29-15:18:35 alarm_manager.java 165 DEBUG Service discovery via Consul completed
2025-10-29-15:20:22 vnfm_client.py 13 INFO System stability confirmed, SLA compliance 99.5%
2025-10-29-15:22:25 resource_manager.py 263 DEBUG VIM node reports insufficient resources for pod scheduling
2025-10-29-15:25:02 config_loader.py 360 ERROR VIM node reports insufficient resources for pod scheduling | root_cause=node_unavailable; suggested_action=validate VNFM health
Traceback (most recent call last):
  File "/app/config_loader.py", line 68, in apply_settings
    node_status = vim_client.get_node_status()
  File "/app/config_loader.py", line 243, in apply_settings
    node_status = vim_client.get_node_status()
  File "/app/core/service_executor.py", line 104, in execute
    return handler.process(request)
ConnectionRefusedError: Unable to connect to VIM node
2025-10-29-15:25:37 report_generator.py 202 ERROR High memory utilization (85%) observed in metrics collector | root_cause=OOM_kill; suggested_action=increase CPU/memory limits
2025-10-29-15:29:41 config_loader.py 268 INFO Activating assurance components for data collection
2025-10-29-15:32:22 vnfm_client.py 250 ERROR Deployment delay due to image pull rate limit | root_cause=timeout_exceeded; suggested_action=inspect network path
2025-10-29-15:35:39 audit_logger.py 267 ERROR High memory utilization (85%) observed in metrics collector | root_cause=OOM_kill; suggested_action=increase CPU/memory limits
2025-10-29-15:37:55 alarm_manager.py 442 INFO Audit event generated for incident closure
2025-10-29-15:40:06 metrics_collector.py 262 WARN High memory utilization (85%) observed in metrics collector | root_cause=network_jitter; suggested_action=analyze VIM node utilization
2025-10-29-15:41:01 policy_enforcer.py 113 DEBUG VNF/CNF registration completed successfully
2025-10-29-15:42:57 alarm_manager.py 426 INFO ALARM: latency exceeded 40ms SLA limit
2025-10-29-15:44:21 vnfm_client.py 435 INFO Loaded configuration and SLA templates
2025-10-29-15:49:13 metrics_collector.py 259 DEBUG Archived log and metric snapshots
2025-10-29-15:50:34 alarm_manager.java 449 INFO Persisting incident data to assurance DB
2025-10-29-15:53:28 remediation_engine.py 498 INFO Loaded configuration and SLA templates
2025-10-29-15:54:51 remediation_engine.py 240 INFO System stability confirmed, SLA compliance 99.5%
2025-10-29-15:58:04 audit_logger.py 368 INFO ALARM: latency exceeded 40ms SLA limit
2025-10-29-16:02:31 policy_enforcer.py 295 DEBUG Activating assurance components for data collection
2025-10-29-16:07:26 metrics_collector.py 397 INFO Restart initiated for failed pod instances
2025-10-29-16:08:35 vnfm_client.py 414 ERROR metrics collected: latency=25ms throughput=210Mbps packet_loss=0.02% | root_cause=network_jitter; suggested_action=analyze VIM node utilization
2025-10-29-16:11:59 audit_logger.py 445 INFO ALARM: latency exceeded 40ms SLA limit
2025-10-29-16:13:44 audit_logger.py 7 WARN NWDAF event trigger delay detected | root_cause=resource_exhaustion; suggested_action=restart failed component
2025-10-29-16:17:58 resource_manager.py 215 ERROR Deployment delay due to image pull rate limit | root_cause=timeout_exceeded; suggested_action=inspect network path
Traceback (most recent call last):
  File "/app/resource_manager.py", line 303, in handle_operation
    response = requests.get(url, timeout=30)
  File "/app/resource_manager.py", line 263, in process_request
    response = requests.get(url, timeout=30)
  File "/app/resource_manager.py", line 219, in handle_operation
    response = requests.get(url, timeout=30)
  File "/app/core/service_executor.py", line 121, in execute
    return handler.process(request)
TimeoutError: Operation timed out after 30 seconds
2025-10-29-16:20:55 report_generator.py 228 INFO Restart initiated for failed pod instances
2025-10-29-16:24:38 config_loader.py 2 INFO Service discovery via Consul completed
2025-10-29-16:28:07 audit_logger.py 70 DEBUG Anomaly score raised to 0.68 due to jitter increase
2025-10-29-16:31:16 remediation_engine.py 279 INFO System stability confirmed, SLA compliance 99.5%
2025-10-29-16:36:11 config_loader.py 153 INFO Resource allocation requested from VIM cluster
2025-10-29-16:41:10 main.py 33 INFO Data ingestion lag beyond 30s threshold
2025-10-29-16:45:38 report_generator.py 209 INFO ALARM: latency exceeded 40ms SLA limit
2025-10-29-16:48:00 alarm_manager.java 29 INFO Activating assurance components for data collection
2025-10-29-16:52:24 alarm_manager.py 136 INFO Audit event generated for incident closure
2025-10-29-16:56:21 vnfm_client.java 282 INFO Persisting incident data to assurance DB
2025-10-29-16:58:37 policy_enforcer.py 270 INFO NWDAF event trigger delay detected
2025-10-29-17:02:17 vnfm_client.py 446 INFO VNFM connectivity established successfully
2025-10-29-17:06:14 main.py 347 INFO VNF/CNF registration completed successfully
2025-10-29-17:08:14 alarm_manager.py 80 WARN Activating assurance components for data collection | root_cause=network_jitter; suggested_action=analyze VIM node utilization
2025-10-29-17:08:26 metrics_collector.java 292 DEBUG ALARM: packet_loss=0.6% detected on fronthaul
2025-10-29-17:11:34 config_loader.py 283 INFO Loaded configuration and SLA templates
2025-10-29-17:15:11 policy_enforcer.py 2 INFO NWDAF event trigger delay detected
2025-10-29-17:19:16 config_loader.py 242 WARN System stability confirmed, SLA compliance 99.5% | root_cause=timeout_exceeded; suggested_action=inspect network path
2025-10-29-17:21:47 vnfm_client.py 441 INFO VIM node reports insufficient resources for pod scheduling
2025-10-29-17:24:07 main.py 410 ERROR ALARM: latency exceeded 40ms SLA limit | root_cause=network_jitter; suggested_action=analyze VIM node utilization
Traceback (most recent call last):
  File "/app/main.py", line 52, in process_request
    connection.send(data)
  File "/app/main.py", line 69, in handle_operation
    connection.send(data)
  File "/app/core/service_executor.py", line 90, in execute
    return handler.process(request)
ConnectionError: Network jitter caused connection instability
2025-10-29-17:24:52 audit_logger.py 220 ERROR VIM node reports insufficient resources for pod scheduling | root_cause=node_unavailable; suggested_action=validate VNFM health
2025-10-29-17:29:27 main.py 442 DEBUG ALARM: packet_loss=0.6% detected on fronthaul
2025-10-29-17:32:50 vnfm_client.py 467 INFO NWDAF event trigger delay detected
2025-10-29-17:37:28 vnfm_client.py 384 DEBUG Persisting incident data to assurance DB
2025-10-29-17:41:45 audit_logger.py 58 DEBUG Policy action executed to adjust resource limits
2025-10-29-17:43:19 metrics_collector.java 368 DEBUG Persisting incident data to assurance DB
2025-10-29-17:45:16 main.py 437 INFO metrics collected: latency=25ms throughput=210Mbps packet_loss=0.02%
2025-10-29-17:49:34 main.py 121 INFO Deployment delay due to image pull rate limit
2025-10-29-17:50:32 metrics_collector.java 97 WARN NWDAF event trigger delay detected | root_cause=resource_exhaustion; suggested_action=restart failed component
2025-10-29-17:53:29 alarm_manager.py 203 ERROR ALARM: packet_loss=0.6% detected on fronthaul | root_cause=network_jitter; suggested_action=analyze VIM node utilization
2025-10-29-17:54:24 vnfm_client.py 124 ERROR Deployment delay due to image pull rate limit | root_cause=timeout_exceeded; suggested_action=inspect network path
2025-10-29-17:57:14 vnfm_client.py 146 INFO ALARM: resource pool near exhaustion
2025-10-29-18:01:41 config_loader.py 54 ERROR Deployment delay due to image pull rate limit | root_cause=timeout_exceeded; suggested_action=inspect network path
Traceback (most recent call last):
  File "/app/config_loader.py", line 313, in load_configuration
    response = requests.get(url, timeout=30)
  File "/app/config_loader.py", line 180, in apply_settings
    response = requests.get(url, timeout=30)
  File "/app/config_loader.py", line 253, in apply_settings
    response = requests.get(url, timeout=30)
  File "/app/config_loader.py", line 122, in load_configuration
    response = requests.get(url, timeout=30)
  File "/app/core/service_executor.py", line 97, in execute
    return handler.process(request)
TimeoutError: Operation timed out after 30 seconds
2025-10-29-18:01:59 main.py 251 INFO Persisting incident data to assurance DB
2025-10-29-18:06:25 report_generator.py 362 DEBUG Activation timeout detected in VNFM client
2025-10-29-18:07:38 resource_manager.py 72 ERROR Deployment delay due to image pull rate limit | root_cause=timeout_exceeded; suggested_action=inspect network path
2025-10-29-18:12:19 report_generator.py 157 INFO Resource allocation requested from VIM cluster
2025-10-29-18:16:51 vnfm_client.java 81 INFO Resource allocation requested from VIM cluster
2025-10-29-18:18:02 resource_manager.py 248 INFO Activating assurance components for data collection
2025-10-29-18:18:26 vnfm_client.py 227 DEBUG Loaded configuration and SLA templates
2025-10-29-18:20:32 vnfm_client.py 377 INFO VNF/CNF registration completed successfully
2025-10-29-18:21:20 policy_enforcer.py 468 INFO VNFM connectivity established successfully
2025-10-29-18:26:18 resource_manager.py 466 INFO VNFM connectivity established successfully
2025-10-29-18:30:05 main.py 283 INFO Resource allocation requested from VIM cluster
2025-10-29-18:33:59 vnfm_client.java 89 ERROR VIM node reports insufficient resources for pod scheduling | root_cause=node_unavailable; suggested_action=validate VNFM health
2025-10-29-18:34:00 main.py 408 INFO Policy action executed to adjust resource limits
2025-10-29-18:36:36 config_loader.py 446 DEBUG VIM node reports insufficient resources for pod scheduling
2025-10-29-18:37:31 alarm_manager.py 319 ERROR VIM node reports insufficient resources for pod scheduling | root_cause=node_unavailable; suggested_action=validate VNFM health
2025-10-29-18:40:27 policy_enforcer.py 67 INFO Persisting incident data to assurance DB
2025-10-29-18:42:20 metrics_collector.java 464 INFO Policy action executed to adjust resource limits
2025-10-29-18:46:46 config_loader.py 147 DEBUG VIM node reports insufficient resources for pod scheduling
2025-10-29-18:48:03 config_loader.py 69 INFO System recovered, performance within SLA
2025-10-29-18:49:10 report_generator.py 333 DEBUG Loaded configuration and SLA templates
2025-10-29-18:52:10 report_generator.py 459 INFO Service discovery via Consul completed
2025-10-29-18:56:07 vnfm_client.py 303 DEBUG ALARM: CPU utilization sustained >90%
2025-10-29-18:58:12 metrics_collector.py 345 INFO VNFM connectivity established successfully
2025-10-29-19:03:03 alarm_manager.py 484 DEBUG High memory utilization (85%) observed in metrics collector
2025-10-29-19:06:34 report_generator.py 81 INFO Resource allocation requested from VIM cluster
2025-10-29-19:08:48 alarm_manager.java 359 WARN Persisting incident data to assurance DB | root_cause=OOM_kill; suggested_action=increase CPU/memory limits
2025-10-29-19:09:14 audit_logger.py 37 INFO Persisting incident data to assurance DB
2025-10-29-19:14:14 report_generator.py 445 WARN Persisting incident data to assurance DB | root_cause=OOM_kill; suggested_action=increase CPU/memory limits
2025-10-29-19:15:32 metrics_collector.java 471 WARN High memory utilization (85%) observed in metrics collector | root_cause=network_jitter; suggested_action=analyze VIM node utilization
2025-10-29-19:17:24 main.py 153 INFO Persisting incident data to assurance DB
2025-10-29-19:19:16 metrics_collector.py 91 WARN VNF/CNF registration completed successfully | root_cause=resource_exhaustion; suggested_action=restart failed component
2025-10-29-19:23:19 alarm_manager.py 284 INFO ALARM: latency exceeded 40ms SLA limit
2025-10-29-19:24:57 report_generator.py 373 INFO Policy action executed to adjust resource limits
2025-10-29-19:29:54 alarm_manager.java 360 WARN Persisting incident data to assurance DB | root_cause=OOM_kill; suggested_action=increase CPU/memory limits
2025-10-29-19:34:43 metrics_collector.py 60 INFO ALARM: latency exceeded 40ms SLA limit
2025-10-29-19:35:33 config_loader.py 244 WARN Loaded configuration and SLA templates | root_cause=network_jitter; suggested_action=analyze VIM node utilization
2025-10-29-19:37:07 remediation_engine.py 154 ERROR Data ingestion lag beyond 30s threshold | root_cause=timeout_exceeded; suggested_action=inspect network path
