2025-10-29-14:12:15 remediation_engine.py 200 DEBUG VNFM connectivity established successfully
2025-10-29-14:13:25 anomaly_detector.py 57 DEBUG Activating assurance components for data collection
2025-10-29-14:13:44 config_loader.py 50 INFO VIM node reports insufficient resources for pod scheduling
2025-10-29-14:17:35 anomaly_detector.py 75 WARN Loaded configuration and SLA templates | root_cause=network_jitter; suggested_action=analyze VIM node utilization
2025-10-29-14:20:13 alarm_manager.py 133 INFO VNF/CNF registration completed successfully
2025-10-29-14:21:52 vim_connector.java 431 DEBUG VIM node reports insufficient resources for pod scheduling
2025-10-29-14:22:05 main.py 228 DEBUG Starting network assurance bootstrap sequence
2025-10-29-14:22:31 report_generator.py 374 ERROR VIM node reports insufficient resources for pod scheduling | root_cause=node_unavailable; suggested_action=validate VNFM health
Traceback (most recent call last):
  File "/app/report_generator.py", line 196, in process_request
    node_status = vim_client.get_node_status()
  File "/app/report_generator.py", line 115, in process_request
    node_status = vim_client.get_node_status()
  File "/app/core/service_executor.py", line 140, in execute
    return handler.process(request)
ConnectionRefusedError: Unable to connect to VIM node
2025-10-29-14:27:14 metrics_collector.java 239 DEBUG Archived log and metric snapshots
2025-10-29-14:27:34 anomaly_detector.py 390 DEBUG VNF/CNF registration completed successfully
2025-10-29-14:32:12 main.py 380 INFO ALARM: latency exceeded 40ms SLA limit
2025-10-29-14:34:06 main.py 498 WARN Audit event generated for incident closure | root_cause=network_jitter; suggested_action=analyze VIM node utilization
2025-10-29-14:36:14 vnfm_client.py 376 ERROR VIM node reports insufficient resources for pod scheduling | root_cause=node_unavailable; suggested_action=validate VNFM health
2025-10-29-14:36:41 main.py 6 ERROR Resource allocation requested from VIM cluster | root_cause=resource_exhaustion; suggested_action=restart failed component
2025-10-29-14:39:18 metrics_collector.py 316 WARN Persisting incident data to assurance DB | root_cause=OOM_kill; suggested_action=increase CPU/memory limits
2025-10-29-14:43:20 report_generator.py 336 INFO Deploying assurance VNFs/CNFs via orchestrator
2025-10-29-14:44:20 config_loader.py 105 INFO Restart initiated for failed pod instances
2025-10-29-14:46:16 anomaly_detector.py 317 INFO Audit event generated for incident closure
2025-10-29-14:46:19 anomaly_detector.py 148 INFO Policy action executed to adjust resource limits
2025-10-29-14:50:19 config_loader.py 248 ERROR High memory utilization (85%) observed in metrics collector | root_cause=OOM_kill; suggested_action=increase CPU/memory limits
Traceback (most recent call last):
  File "/app/config_loader.py", line 108, in load_configuration
    data = process_large_dataset(metrics)
  File "/app/config_loader.py", line 308, in validate_config
    data = process_large_dataset(metrics)
  File "/app/core/service_executor.py", line 120, in execute
    return handler.process(request)
MemoryError: Unable to allocate memory for operation
2025-10-29-14:54:08 vnfm_client.py 307 INFO System stability confirmed, SLA compliance 99.5%
2025-10-29-14:57:00 anomaly_detector.py 493 ERROR Data ingestion lag beyond 30s threshold | root_cause=timeout_exceeded; suggested_action=inspect network path
Traceback (most recent call last):
  File "/app/anomaly_detector.py", line 332, in process_request
    response = requests.get(url, timeout=30)
  File "/app/anomaly_detector.py", line 68, in process_request
    response = requests.get(url, timeout=30)
  File "/app/core/service_executor.py", line 150, in execute
    return handler.process(request)
TimeoutError: Operation timed out after 30 seconds
2025-10-29-14:57:44 alarm_manager.py 198 ERROR ALARM: CPU utilization sustained >90% | root_cause=resource_exhaustion; suggested_action=restart failed component
2025-10-29-15:02:25 data_ingestor.py 191 DEBUG ALARM: latency exceeded 40ms SLA limit
2025-10-29-15:04:54 remediation_engine.py 362 DEBUG Activating assurance components for data collection
2025-10-29-15:07:43 vnfm_client.java 418 ERROR Activation timeout detected in VNFM client | root_cause=timeout_exceeded; suggested_action=inspect network path
java.lang.TimeoutException: Request timed out after 30000ms
    at com.assurance.vnfm_client.VnfmClient.activateVNF(vnfm_client.java:235)
    at com.assurance.vnfm_client.VnfmClient.registerVNF(vnfm_client.java:273)
    at com.assurance.vnfm_client.VnfmClient.connectToVNFM(vnfm_client.java:61)
    at com.assurance.vnfm_client.VnfmClient.registerVNF(vnfm_client.java:322)
    at com.assurance.core.ServiceExecutor.execute(ServiceExecutor.java:110)
    at com.assurance.core.RequestHandler.handle(RequestHandler.java:126)
Caused by: java.io.SocketTimeoutException: Read timed out
    at com.assurance.network.NetworkClient.connect(NetworkClient.java:133)
2025-10-29-15:07:54 main.py 465 ERROR VIM node reports insufficient resources for pod scheduling | root_cause=node_unavailable; suggested_action=validate VNFM health
2025-10-29-15:08:52 vnfm_client.py 310 INFO System recovered, performance within SLA
2025-10-29-15:11:11 remediation_engine.py 456 INFO System stability confirmed, SLA compliance 99.5%
2025-10-29-15:13:18 config_loader.py 257 ERROR Resource allocation requested from VIM cluster | root_cause=resource_exhaustion; suggested_action=restart failed component
2025-10-29-15:18:18 vim_connector.py 91 DEBUG Policy action executed to adjust resource limits
2025-10-29-15:23:00 anomaly_detector.py 187 INFO Loaded configuration and SLA templates
2025-10-29-15:25:42 metrics_collector.java 32 ERROR metrics collected: latency=25ms throughput=210Mbps packet_loss=0.02% | root_cause=network_jitter; suggested_action=analyze VIM node utilization
2025-10-29-15:26:26 data_ingestor.py 129 DEBUG Policy action executed to adjust resource limits
2025-10-29-15:30:59 config_loader.py 243 INFO Persisting incident data to assurance DB
2025-10-29-15:32:52 alarm_manager.py 474 ERROR Data ingestion lag beyond 30s threshold | root_cause=timeout_exceeded; suggested_action=inspect network path
2025-10-29-15:33:57 anomaly_detector.py 444 ERROR Activation timeout detected in VNFM client | root_cause=timeout_exceeded; suggested_action=inspect network path
Traceback (most recent call last):
  File "/app/anomaly_detector.py", line 256, in process_request
    response = requests.get(url, timeout=30)
  File "/app/anomaly_detector.py", line 260, in process_request
    response = requests.get(url, timeout=30)
  File "/app/core/service_executor.py", line 143, in execute
    return handler.process(request)
TimeoutError: Operation timed out after 30 seconds
2025-10-29-15:34:51 config_loader.py 234 DEBUG High memory utilization (85%) observed in metrics collector
2025-10-29-15:35:52 anomaly_detector.py 329 INFO VNF/CNF registration completed successfully
2025-10-29-15:37:03 main.py 478 INFO ALARM: resource pool near exhaustion
2025-10-29-15:40:29 data_ingestor.py 382 DEBUG VIM node reports insufficient resources for pod scheduling
2025-10-29-15:43:19 vnfm_client.py 87 ERROR VIM node reports insufficient resources for pod scheduling | root_cause=node_unavailable; suggested_action=validate VNFM health
Traceback (most recent call last):
  File "/app/vnfm_client.py", line 253, in connect_to_vnfm
    node_status = vim_client.get_node_status()
  File "/app/vnfm_client.py", line 198, in register_vnf
    node_status = vim_client.get_node_status()
  File "/app/vnfm_client.py", line 224, in register_vnf
    node_status = vim_client.get_node_status()
  File "/app/core/service_executor.py", line 104, in execute
    return handler.process(request)
ConnectionRefusedError: Unable to connect to VIM node
2025-10-29-15:43:21 anomaly_detector.py 131 DEBUG Archived log and metric snapshots
2025-10-29-15:45:17 report_generator.py 135 INFO NWDAF event trigger delay detected
2025-10-29-15:46:15 remediation_engine.py 233 DEBUG High memory utilization (85%) observed in metrics collector
2025-10-29-15:47:42 vim_connector.java 465 ERROR Persisting incident data to assurance DB | root_cause=node_unavailable; suggested_action=validate VNFM health
2025-10-29-15:49:47 alarm_manager.java 75 ERROR Deployment delay due to image pull rate limit | root_cause=timeout_exceeded; suggested_action=inspect network path
java.lang.TimeoutException: Request timed out after 30000ms
    at com.assurance.alarm_manager.AlarmManager.evaluateThreshold(alarm_manager.java:247)
    at com.assurance.alarm_manager.AlarmManager.evaluateThreshold(alarm_manager.java:272)
    at com.assurance.alarm_manager.AlarmManager.triggerAlert(alarm_manager.java:102)
    at com.assurance.alarm_manager.AlarmManager.evaluateThreshold(alarm_manager.java:76)
    at com.assurance.core.ServiceExecutor.execute(ServiceExecutor.java:107)
    at com.assurance.core.RequestHandler.handle(RequestHandler.java:92)
Caused by: java.io.SocketTimeoutException: Read timed out
    at com.assurance.network.NetworkClient.connect(NetworkClient.java:81)
2025-10-29-15:50:47 alarm_manager.py 216 INFO Deployment delay due to image pull rate limit
2025-10-29-15:52:09 metrics_collector.py 494 INFO Restart initiated for failed pod instances
2025-10-29-15:56:41 vnfm_client.py 271 ERROR Activation timeout detected in VNFM client | root_cause=timeout_exceeded; suggested_action=inspect network path
2025-10-29-15:58:30 metrics_collector.py 395 ERROR VIM node reports insufficient resources for pod scheduling | root_cause=node_unavailable; suggested_action=validate VNFM health
2025-10-29-15:58:56 vnfm_client.py 262 DEBUG Anomaly score raised to 0.68 due to jitter increase
2025-10-29-15:59:26 metrics_collector.py 104 WARN Loaded configuration and SLA templates | root_cause=network_jitter; suggested_action=analyze VIM node utilization
2025-10-29-16:00:24 alarm_manager.py 50 INFO Service discovery via Consul completed
2025-10-29-16:04:09 report_generator.py 496 ERROR Resource allocation requested from VIM cluster | root_cause=resource_exhaustion; suggested_action=restart failed component
2025-10-29-16:04:41 data_ingestor.py 146 WARN Deploying assurance VNFs/CNFs via orchestrator | root_cause=resource_exhaustion; suggested_action=restart failed component
2025-10-29-16:09:22 vim_connector.py 133 DEBUG High memory utilization (85%) observed in metrics collector
2025-10-29-16:09:28 data_ingestor.py 257 INFO ALARM: latency exceeded 40ms SLA limit
2025-10-29-16:11:19 report_generator.py 312 INFO Policy action executed to adjust resource limits
2025-10-29-16:13:57 data_ingestor.py 468 DEBUG Service discovery via Consul completed
2025-10-29-16:18:16 anomaly_detector.py 74 INFO ALARM: resource pool near exhaustion
2025-10-29-16:18:21 main.py 237 INFO metrics collected: latency=25ms throughput=210Mbps packet_loss=0.02%
2025-10-29-16:23:15 alarm_manager.java 33 INFO Restart initiated for failed pod instances
2025-10-29-16:27:01 main.py 364 WARN High memory utilization (85%) observed in metrics collector | root_cause=network_jitter; suggested_action=analyze VIM node utilization
2025-10-29-16:30:30 alarm_manager.py 331 INFO VIM node reports insufficient resources for pod scheduling
2025-10-29-16:32:44 data_ingestor.py 254 INFO Audit event generated for incident closure
2025-10-29-16:36:06 vnfm_client.py 351 INFO Loaded configuration and SLA templates
2025-10-29-16:40:22 alarm_manager.java 7 ERROR ALARM: latency exceeded 40ms SLA limit | root_cause=network_jitter; suggested_action=analyze VIM node utilization
java.lang.IOException: Network connection unstable: packet loss detected
    at com.assurance.alarm_manager.AlarmManager.processAlarm(alarm_manager.java:251)
    at com.assurance.alarm_manager.AlarmManager.evaluateThreshold(alarm_manager.java:166)
    at com.assurance.alarm_manager.AlarmManager.evaluateThreshold(alarm_manager.java:150)
    at com.assurance.core.ServiceExecutor.execute(ServiceExecutor.java:160)
    at com.assurance.core.RequestHandler.handle(RequestHandler.java:55)
Caused by: java.io.IOException: Connection reset by peer
    at com.assurance.network.NetworkClient.connect(NetworkClient.java:113)
2025-10-29-16:41:15 report_generator.py 471 WARN Starting network assurance bootstrap sequence | root_cause=node_unavailable; suggested_action=validate VNFM health
2025-10-29-16:43:56 config_loader.py 123 WARN Deploying assurance VNFs/CNFs via orchestrator | root_cause=resource_exhaustion; suggested_action=restart failed component
2025-10-29-16:44:26 main.py 260 ERROR Data ingestion lag beyond 30s threshold | root_cause=timeout_exceeded; suggested_action=inspect network path
Traceback (most recent call last):
  File "/app/main.py", line 47, in handle_operation
    response = requests.get(url, timeout=30)
  File "/app/main.py", line 130, in handle_operation
    response = requests.get(url, timeout=30)
  File "/app/main.py", line 109, in handle_operation
    response = requests.get(url, timeout=30)
  File "/app/core/service_executor.py", line 86, in execute
    return handler.process(request)
TimeoutError: Operation timed out after 30 seconds
2025-10-29-16:49:02 data_ingestor.py 294 ERROR ALARM: CPU utilization sustained >90% | root_cause=resource_exhaustion; suggested_action=restart failed component
Traceback (most recent call last):
  File "/app/data_ingestor.py", line 217, in process_stream
    result = allocate_resources(requirements)
  File "/app/data_ingestor.py", line 185, in process_stream
    result = allocate_resources(requirements)
  File "/app/core/service_executor.py", line 124, in execute
    return handler.process(request)
RuntimeError: System resources exhausted
2025-10-29-16:52:03 vnfm_client.py 28 INFO System stability confirmed, SLA compliance 99.5%
2025-10-29-16:54:26 vim_connector.java 469 DEBUG Loaded configuration and SLA templates
2025-10-29-16:55:39 anomaly_detector.py 444 INFO System stability confirmed, SLA compliance 99.5%
2025-10-29-17:00:19 anomaly_detector.py 243 INFO Deploying assurance VNFs/CNFs via orchestrator
2025-10-29-17:00:55 main.py 419 DEBUG Anomaly score raised to 0.68 due to jitter increase
2025-10-29-17:01:29 main.py 500 INFO VNFM connectivity established successfully
2025-10-29-17:04:13 data_ingestor.py 145 DEBUG ALARM: packet_loss=0.6% detected on fronthaul
2025-10-29-17:07:25 remediation_engine.py 150 DEBUG metrics collected: latency=25ms throughput=210Mbps packet_loss=0.02%
2025-10-29-17:08:01 alarm_manager.java 455 INFO Persisting incident data to assurance DB
2025-10-29-17:09:21 vnfm_client.py 45 ERROR metrics collected: latency=25ms throughput=210Mbps packet_loss=0.02% | root_cause=network_jitter; suggested_action=analyze VIM node utilization
2025-10-29-17:09:49 vnfm_client.py 24 ERROR High memory utilization (85%) observed in metrics collector | root_cause=OOM_kill; suggested_action=increase CPU/memory limits
Traceback (most recent call last):
  File "/app/vnfm_client.py", line 68, in connect_to_vnfm
    data = process_large_dataset(metrics)
  File "/app/vnfm_client.py", line 202, in monitor_health
    data = process_large_dataset(metrics)
  File "/app/core/service_executor.py", line 113, in execute
    return handler.process(request)
MemoryError: Unable to allocate memory for operation
2025-10-29-17:10:03 metrics_collector.py 407 INFO Persisting incident data to assurance DB
2025-10-29-17:12:19 config_loader.py 125 DEBUG Activating assurance components for data collection
2025-10-29-17:14:06 main.py 438 DEBUG VNFM connectivity established successfully
2025-10-29-17:18:22 report_generator.py 427 DEBUG High memory utilization (85%) observed in metrics collector
2025-10-29-17:21:38 alarm_manager.java 417 INFO VNFM connectivity established successfully
2025-10-29-17:23:57 data_ingestor.py 131 INFO Deploying assurance VNFs/CNFs via orchestrator
2025-10-29-17:27:14 alarm_manager.py 245 INFO VNF/CNF registration completed successfully
2025-10-29-17:30:33 remediation_engine.py 46 INFO System stability confirmed, SLA compliance 99.5%
2025-10-29-17:31:05 vim_connector.py 339 DEBUG Persisting incident data to assurance DB
2025-10-29-17:34:06 vim_connector.java 136 WARN ALARM: packet_loss=0.6% detected on fronthaul | root_cause=timeout_exceeded; suggested_action=inspect network path
2025-10-29-17:38:46 main.py 132 INFO Restart initiated for failed pod instances
2025-10-29-17:41:49 main.py 348 DEBUG Archived log and metric snapshots
2025-10-29-17:42:22 main.py 384 INFO VNFM connectivity established successfully
2025-10-29-17:47:06 data_ingestor.py 29 INFO Policy action executed to adjust resource limits
2025-10-29-17:49:50 vim_connector.py 7 DEBUG Service discovery via Consul completed
2025-10-29-17:51:48 alarm_manager.java 22 DEBUG Starting network assurance bootstrap sequence
2025-10-29-17:56:01 main.py 27 WARN Activating assurance components for data collection | root_cause=network_jitter; suggested_action=analyze VIM node utilization
2025-10-29-17:59:56 remediation_engine.py 264 INFO Anomaly score raised to 0.68 due to jitter increase
2025-10-29-18:03:22 report_generator.py 385 DEBUG ALARM: CPU utilization sustained >90%
2025-10-29-18:05:16 main.py 406 WARN Activating assurance components for data collection | root_cause=network_jitter; suggested_action=analyze VIM node utilization
2025-10-29-18:08:52 vim_connector.py 21 DEBUG Starting network assurance bootstrap sequence
2025-10-29-18:12:25 data_ingestor.py 50 ERROR ALARM: latency exceeded 40ms SLA limit | root_cause=network_jitter; suggested_action=analyze VIM node utilization
2025-10-29-18:13:22 data_ingestor.py 378 ERROR metrics collected: latency=25ms throughput=210Mbps packet_loss=0.02% | root_cause=network_jitter; suggested_action=analyze VIM node utilization
2025-10-29-18:17:26 vim_connector.py 336 INFO VIM node reports insufficient resources for pod scheduling
2025-10-29-18:18:59 anomaly_detector.py 117 WARN VNF/CNF registration completed successfully | root_cause=resource_exhaustion; suggested_action=restart failed component
2025-10-29-18:22:18 vnfm_client.py 443 ERROR NWDAF event trigger delay detected | root_cause=timeout_exceeded; suggested_action=inspect network path
Traceback (most recent call last):
  File "/app/vnfm_client.py", line 147, in register_vnf
    response = requests.get(url, timeout=30)
  File "/app/vnfm_client.py", line 322, in activate_vnf
    response = requests.get(url, timeout=30)
  File "/app/core/service_executor.py", line 94, in execute
    return handler.process(request)
TimeoutError: Operation timed out after 30 seconds
2025-10-29-18:22:59 main.py 154 INFO metrics collected: latency=25ms throughput=210Mbps packet_loss=0.02%
2025-10-29-18:27:46 alarm_manager.py 39 ERROR NWDAF event trigger delay detected | root_cause=timeout_exceeded; suggested_action=inspect network path
2025-10-29-18:29:13 remediation_engine.py 346 INFO Audit event generated for incident closure
2025-10-29-18:33:37 config_loader.py 39 INFO Anomaly score raised to 0.68 due to jitter increase
2025-10-29-18:36:53 remediation_engine.py 92 ERROR ALARM: latency exceeded 40ms SLA limit | root_cause=network_jitter; suggested_action=analyze VIM node utilization
2025-10-29-18:38:47 anomaly_detector.py 46 WARN NWDAF event trigger delay detected | root_cause=resource_exhaustion; suggested_action=restart failed component
2025-10-29-18:41:39 data_ingestor.py 214 INFO Deploying assurance VNFs/CNFs via orchestrator
2025-10-29-18:41:55 report_generator.py 72 DEBUG High memory utilization (85%) observed in metrics collector
2025-10-29-18:43:05 remediation_engine.py 309 INFO ALARM: resource pool near exhaustion
2025-10-29-18:45:55 anomaly_detector.py 470 INFO Resource allocation requested from VIM cluster
2025-10-29-18:47:25 main.py 421 WARN High memory utilization (85%) observed in metrics collector | root_cause=network_jitter; suggested_action=analyze VIM node utilization
